21:00:06 **** Incremental Build of configuration Debug for project HAL_USART_IRQ_Tutorial ****
make -j8 all 
arm-none-eabi-size   HAL_USART_IRQ_Tutorial.elf 
   text	   data	    bss	    dec	    hex	filename
  12168	     24	   1640	  13832	   3608	HAL_USART_IRQ_Tutorial.elf
Finished building: default.size.stdout
 
21:00:11 **** Incremental Build of configuration Debug for project HAL_USART_IRQ_Tutorial ****
make -j8 all 
arm-none-eabi-size   HAL_USART_IRQ_Tutorial.elf 
   text	   data	    bss	    dec	    hex	filename
  12168	     24	   1640	  13832	   3608	HAL_USART_IRQ_Tutorial.elf
Finished building: default.size.stdout
 
